// Jest Snapshot v1, https://goo.gl/fbAQLP

exports[`src/components/atoms/Text Component render correctly 1`] = `
<Text
  style={
    [
      {
        "color": "#3A544F",
        "fontFamily": "Montserrat-Regular",
        "fontSize": 14,
        "lineHeight": 16,
      },
      undefined,
    ]
  }
>
  Dream
</Text>
`;
